{"timestamp":"2026-09-10T01:21:44.223028Z","level":"INFO","fields":{"message":"pricing convention resolved from configuration","convention":"no_leg","use_yes_price":false},"target":"capture"}
{"timestamp":"2026-09-10T01:21:44.223339Z","level":"INFO","fields":{"message":"session opened","session_id":"20260910T012144Z-dc5e5f39","git_sha":"dc5e5f39d442703ea1297b28a35f6f409850c200","docs_spec_date":"2026-08-28"},"target":"capture"}
{"timestamp":"2026-09-10T01:21:44.622103Z","level":"INFO","fields":{"message":"confirmed API tier from GET /account/limits","tier":"basic","read_refill":200,"read_capacity":600,"write_refill":100},"target":"kalshi_ingest::rest"}
{"timestamp":"2026-09-10T01:21:44.622199Z","level":"INFO","fields":{"message":"rate-limit tier","tier":"Reported { tier: \"basic\", read_refill: 200, read_capacity: 600 }"},"target":"capture"}
{"timestamp":"2026-09-10T01:21:44.705441Z","level":"INFO","fields":{"message":"confirmed default token cost","default_cost":10},"target":"kalshi_ingest::rest"}
{"timestamp":"2026-09-10T01:21:44.797944Z","level":"INFO","fields":{"message":"clock skew against exchange is within tolerance","delta_ms":797},"target":"kalshi_ingest::rest"}
{"timestamp":"2026-09-10T01:21:45.391987Z","level":"INFO","fields":{"message":"discovery pass complete (not an atomic snapshot)","series":"KXNFLGAME","markets":64,"pages":2,"elapsed_ms":593},"target":"kalshi_ingest::rest"}
{"timestamp":"2026-09-10T01:21:45.392155Z","level":"INFO","fields":{"message":"startup discovery","series":"KXNFLGAME","markets":64,"pages":2},"target":"capture"}
{"timestamp":"2026-09-10T01:21:45.393395Z","level":"INFO","fields":{"message":"opened parquet store","session_id":"20260910T012144Z-dc5e5f39","root":"data","pricing_convention":"no_leg","environment":"prod","git_sha":"dc5e5f39d442703ea1297b28a35f6f409850c200","roll_minutes":5},"target":"kalshi_store::writer"}
{"timestamp":"2026-09-10T01:21:45.395436Z","level":"INFO","fields":{"message":"metrics","messages_per_sec":0.0,"messages_total":0,"bytes_total":0,"reconnects":0,"lifecycle_events":0,"unparsed":0,"off_grid_prices":0,"desync_invalidations":0,"reconciliation_misses":0,"snapshot_restarts":0,"queue_depth":0,"queue_capacity":65536,"rows_dropped":0,"records_dequeued":0,"rows_expected":0,"rows_written":0,"rows_lost":0,"files_closed":0,"open_files":0},"target":"capture"}
{"timestamp":"2026-09-10T01:21:45.820032Z","level":"INFO","fields":{"message":"websocket connected and authenticated","url":"wss://external-api-ws.kalshi.com/trade-api/ws/v2","status":101},"target":"kalshi_ingest::ws"}
{"timestamp":"2026-09-10T01:21:45.820246Z","level":"INFO","fields":{"message":"subscribing to orderbook with an explicit pricing convention","pricing_convention":"no_leg","use_yes_price":false,"markets":1},"target":"kalshi_ingest::ws"}
{"timestamp":"2026-09-10T01:21:45.846075Z","level":"INFO","fields":{"message":"subscribing to orderbook with an explicit pricing convention","pricing_convention":"no_leg","use_yes_price":false,"markets":1},"target":"kalshi_ingest::ws"}
{"timestamp":"2026-09-10T01:21:45.873346Z","level":"INFO","fields":{"message":"subscribing to orderbook with an explicit pricing convention","pricing_convention":"no_leg","use_yes_price":false,"markets":1},"target":"kalshi_ingest::ws"}
{"timestamp":"2026-09-10T01:21:45.901400Z","level":"INFO","fields":{"message":"subscribing to orderbook with an explicit pricing convention","pricing_convention":"no_leg","use_yes_price":false,"markets":1},"target":"kalshi_ingest::ws"}
{"timestamp":"2026-09-10T01:21:45.930766Z","level":"INFO","fields":{"message":"subscribing to orderbook with an explicit pricing convention","pricing_convention":"no_leg","use_yes_price":false,"markets":1},"target":"kalshi_ingest::ws"}
{"timestamp":"2026-09-10T01:21:45.957493Z","level":"INFO","fields":{"message":"subscribing to orderbook with an explicit pricing convention","pricing_convention":"no_leg","use_yes_price":false,"markets":1},"target":"kalshi_ingest::ws"}
{"timestamp":"2026-09-10T01:21:45.984863Z","level":"INFO","fields":{"message":"subscribing to orderbook with an explicit pricing convention","pricing_convention":"no_leg","use_yes_price":false,"markets":1},"target":"kalshi_ingest::ws"}
{"timestamp":"2026-09-10T01:21:46.013320Z","level":"INFO","fields":{"message":"subscribing to orderbook with an explicit pricing convention","pricing_convention":"no_leg","use_yes_price":false,"markets":1},"target":"kalshi_ingest::ws"}
{"timestamp":"2026-09-10T01:21:46.040858Z","level":"INFO","fields":{"message":"subscribing to orderbook with an explicit pricing convention","pricing_convention":"no_leg","use_yes_price":false,"markets":1},"target":"kalshi_ingest::ws"}
{"timestamp":"2026-09-10T01:21:46.068207Z","level":"INFO","fields":{"message":"subscribing to orderbook with an explicit pricing convention","pricing_convention":"no_leg","use_yes_price":false,"markets":1},"target":"kalshi_ingest::ws"}
{"timestamp":"2026-09-10T01:21:46.095737Z","level":"INFO","fields":{"message":"subscribing to orderbook with an explicit pricing convention","pricing_convention":"no_leg","use_yes_price":false,"markets":1},"target":"kalshi_ingest::ws"}
{"timestamp":"2026-09-10T01:21:46.122949Z","level":"INFO","fields":{"message":"subscribing to orderbook with an explicit pricing convention","pricing_convention":"no_leg","use_yes_price":false,"markets":1},"target":"kalshi_ingest::ws"}
{"timestamp":"2026-09-10T01:21:46.149273Z","level":"INFO","fields":{"message":"subscribing to orderbook with an explicit pricing convention","pricing_convention":"no_leg","use_yes_price":false,"markets":1},"target":"kalshi_ingest::ws"}
{"timestamp":"2026-09-10T01:21:46.176628Z","level":"INFO","fields":{"message":"subscribing to orderbook with an explicit pricing convention","pricing_convention":"no_leg","use_yes_price":false,"markets":1},"target":"kalshi_ingest::ws"}
{"timestamp":"2026-09-10T01:21:46.203795Z","level":"INFO","fields":{"message":"subscribing to orderbook with an explicit pricing convention","pricing_convention":"no_leg","use_yes_price":false,"markets":1},"target":"kalshi_ingest::ws"}
{"timestamp":"2026-09-10T01:21:46.230084Z","level":"INFO","fields":{"message":"subscribing to orderbook with an explicit pricing convention","pricing_convention":"no_leg","use_yes_price":false,"markets":1},"target":"kalshi_ingest::ws"}
{"timestamp":"2026-09-10T01:21:46.257449Z","level":"INFO","fields":{"message":"subscribing to orderbook with an explicit pricing convention","pricing_convention":"no_leg","use_yes_price":false,"markets":1},"target":"kalshi_ingest::ws"}
{"timestamp":"2026-09-10T01:21:46.284286Z","level":"INFO","fields":{"message":"subscribing to orderbook with an explicit pricing convention","pricing_convention":"no_leg","use_yes_price":false,"markets":1},"target":"kalshi_ingest::ws"}
{"timestamp":"2026-09-10T01:21:46.311694Z","level":"INFO","fields":{"message":"subscribing to orderbook with an explicit pricing convention","pricing_convention":"no_leg","use_yes_price":false,"markets":1},"target":"kalshi_ingest::ws"}
{"timestamp":"2026-09-10T01:21:46.338693Z","level":"INFO","fields":{"message":"subscribing to orderbook with an explicit pricing convention","pricing_convention":"no_leg","use_yes_price":false,"markets":1},"target":"kalshi_ingest::ws"}
{"timestamp":"2026-09-10T01:21:46.366495Z","level":"INFO","fields":{"message":"subscribing to orderbook with an explicit pricing convention","pricing_convention":"no_leg","use_yes_price":false,"markets":1},"target":"kalshi_ingest::ws"}
{"timestamp":"2026-09-10T01:21:46.393853Z","level":"INFO","fields":{"message":"subscribing to orderbook with an explicit pricing convention","pricing_convention":"no_leg","use_yes_price":false,"markets":1},"target":"kalshi_ingest::ws"}
{"timestamp":"2026-09-10T01:21:46.420768Z","level":"INFO","fields":{"message":"subscribing to orderbook with an explicit pricing convention","pricing_convention":"no_leg","use_yes_price":false,"markets":1},"target":"kalshi_ingest::ws"}
{"timestamp":"2026-09-10T01:21:46.447323Z","level":"INFO","fields":{"message":"subscribing to orderbook with an explicit pricing convention","pricing_convention":"no_leg","use_yes_price":false,"markets":1},"target":"kalshi_ingest::ws"}
{"timestamp":"2026-09-10T01:21:46.475385Z","level":"INFO","fields":{"message":"subscribing to orderbook with an explicit pricing convention","pricing_convention":"no_leg","use_yes_price":false,"markets":1},"target":"kalshi_ingest::ws"}
{"timestamp":"2026-09-10T01:21:46.502502Z","level":"INFO","fields":{"message":"subscribing to orderbook with an explicit pricing convention","pricing_convention":"no_leg","use_yes_price":false,"markets":1},"target":"kalshi_ingest::ws"}
{"timestamp":"2026-09-10T01:21:46.529365Z","level":"INFO","fields":{"message":"subscribing to orderbook with an explicit pricing convention","pricing_convention":"no_leg","use_yes_price":false,"markets":1},"target":"kalshi_ingest::ws"}
{"timestamp":"2026-09-10T01:21:46.556689Z","level":"INFO","fields":{"message":"subscribing to orderbook with an explicit pricing convention","pricing_convention":"no_leg","use_yes_price":false,"markets":1},"target":"kalshi_ingest::ws"}
{"timestamp":"2026-09-10T01:21:46.584340Z","level":"INFO","fields":{"message":"subscribing to orderbook with an explicit pricing convention","pricing_convention":"no_leg","use_yes_price":false,"markets":1},"target":"kalshi_ingest::ws"}
{"timestamp":"2026-09-10T01:21:46.612434Z","level":"INFO","fields":{"message":"subscribing to orderbook with an explicit pricing convention","pricing_convention":"no_leg","use_yes_price":false,"markets":1},"target":"kalshi_ingest::ws"}
{"timestamp":"2026-09-10T01:21:46.639549Z","level":"INFO","fields":{"message":"subscribing to orderbook with an explicit pricing convention","pricing_convention":"no_leg","use_yes_price":false,"markets":1},"target":"kalshi_ingest::ws"}
{"timestamp":"2026-09-10T01:21:46.667033Z","level":"INFO","fields":{"message":"subscribing to orderbook with an explicit pricing convention","pricing_convention":"no_leg","use_yes_price":false,"markets":1},"target":"kalshi_ingest::ws"}
{"timestamp":"2026-09-10T01:21:46.694295Z","level":"INFO","fields":{"message":"subscribing to orderbook with an explicit pricing convention","pricing_convention":"no_leg","use_yes_price":false,"markets":1},"target":"kalshi_ingest::ws"}
{"timestamp":"2026-09-10T01:21:46.721449Z","level":"INFO","fields":{"message":"subscribing to orderbook with an explicit pricing convention","pricing_convention":"no_leg","use_yes_price":false,"markets":1},"target":"kalshi_ingest::ws"}
{"timestamp":"2026-09-10T01:21:46.748831Z","level":"INFO","fields":{"message":"subscribing to orderbook with an explicit pricing convention","pricing_convention":"no_leg","use_yes_price":false,"markets":1},"target":"kalshi_ingest::ws"}
{"timestamp":"2026-09-10T01:21:46.775568Z","level":"INFO","fields":{"message":"subscribing to orderbook with an explicit pricing convention","pricing_convention":"no_leg","use_yes_price":false,"markets":1},"target":"kalshi_ingest::ws"}
{"timestamp":"2026-09-10T01:21:46.801945Z","level":"INFO","fields":{"message":"subscribing to orderbook with an explicit pricing convention","pricing_convention":"no_leg","use_yes_price":false,"markets":1},"target":"kalshi_ingest::ws"}
{"timestamp":"2026-09-10T01:21:46.829327Z","level":"INFO","fields":{"message":"subscribing to orderbook with an explicit pricing convention","pricing_convention":"no_leg","use_yes_price":false,"markets":1},"target":"kalshi_ingest::ws"}
{"timestamp":"2026-09-10T01:21:46.856736Z","level":"INFO","fields":{"message":"subscribing to orderbook with an explicit pricing convention","pricing_convention":"no_leg","use_yes_price":false,"markets":1},"target":"kalshi_ingest::ws"}
{"timestamp":"2026-09-10T01:21:46.884440Z","level":"INFO","fields":{"message":"subscribing to orderbook with an explicit pricing convention","pricing_convention":"no_leg","use_yes_price":false,"markets":1},"target":"kalshi_ingest::ws"}
{"timestamp":"2026-09-10T01:21:46.911710Z","level":"INFO","fields":{"message":"subscribing to orderbook with an explicit pricing convention","pricing_convention":"no_leg","use_yes_price":false,"markets":1},"target":"kalshi_ingest::ws"}
{"timestamp":"2026-09-10T01:21:46.938350Z","level":"INFO","fields":{"message":"subscribing to orderbook with an explicit pricing convention","pricing_convention":"no_leg","use_yes_price":false,"markets":1},"target":"kalshi_ingest::ws"}
{"timestamp":"2026-09-10T01:21:46.966102Z","level":"INFO","fields":{"message":"subscribing to orderbook with an explicit pricing convention","pricing_convention":"no_leg","use_yes_price":false,"markets":1},"target":"kalshi_ingest::ws"}
{"timestamp":"2026-09-10T01:21:46.993467Z","level":"INFO","fields":{"message":"subscribing to orderbook with an explicit pricing convention","pricing_convention":"no_leg","use_yes_price":false,"markets":1},"target":"kalshi_ingest::ws"}
{"timestamp":"2026-09-10T01:21:47.019911Z","level":"INFO","fields":{"message":"subscribing to orderbook with an explicit pricing convention","pricing_convention":"no_leg","use_yes_price":false,"markets":1},"target":"kalshi_ingest::ws"}
{"timestamp":"2026-09-10T01:21:47.047068Z","level":"INFO","fields":{"message":"subscribing to orderbook with an explicit pricing convention","pricing_convention":"no_leg","use_yes_price":false,"markets":1},"target":"kalshi_ingest::ws"}
{"timestamp":"2026-09-10T01:21:47.074448Z","level":"INFO","fields":{"message":"subscribing to orderbook with an explicit pricing convention","pricing_convention":"no_leg","use_yes_price":false,"markets":1},"target":"kalshi_ingest::ws"}
{"timestamp":"2026-09-10T01:21:47.103207Z","level":"INFO","fields":{"message":"subscribing to orderbook with an explicit pricing convention","pricing_convention":"no_leg","use_yes_price":false,"markets":1},"target":"kalshi_ingest::ws"}
{"timestamp":"2026-09-10T01:21:47.129805Z","level":"INFO","fields":{"message":"subscribing to orderbook with an explicit pricing convention","pricing_convention":"no_leg","use_yes_price":false,"markets":1},"target":"kalshi_ingest::ws"}
{"timestamp":"2026-09-10T01:21:47.157172Z","level":"INFO","fields":{"message":"subscribing to orderbook with an explicit pricing convention","pricing_convention":"no_leg","use_yes_price":false,"markets":1},"target":"kalshi_ingest::ws"}
{"timestamp":"2026-09-10T01:21:47.184879Z","level":"INFO","fields":{"message":"subscribing to orderbook with an explicit pricing convention","pricing_convention":"no_leg","use_yes_price":false,"markets":1},"target":"kalshi_ingest::ws"}
{"timestamp":"2026-09-10T01:21:47.212943Z","level":"INFO","fields":{"message":"subscribing to orderbook with an explicit pricing convention","pricing_convention":"no_leg","use_yes_price":false,"markets":1},"target":"kalshi_ingest::ws"}
{"timestamp":"2026-09-10T01:21:47.239782Z","level":"INFO","fields":{"message":"subscribing to orderbook with an explicit pricing convention","pricing_convention":"no_leg","use_yes_price":false,"markets":1},"target":"kalshi_ingest::ws"}
{"timestamp":"2026-09-10T01:21:47.266889Z","level":"INFO","fields":{"message":"subscribing to orderbook with an explicit pricing convention","pricing_convention":"no_leg","use_yes_price":false,"markets":1},"target":"kalshi_ingest::ws"}
{"timestamp":"2026-09-10T01:21:47.294253Z","level":"INFO","fields":{"message":"subscribing to orderbook with an explicit pricing convention","pricing_convention":"no_leg","use_yes_price":false,"markets":1},"target":"kalshi_ingest::ws"}
{"timestamp":"2026-09-10T01:21:47.321681Z","level":"INFO","fields":{"message":"subscribing to orderbook with an explicit pricing convention","pricing_convention":"no_leg","use_yes_price":false,"markets":1},"target":"kalshi_ingest::ws"}
{"timestamp":"2026-09-10T01:21:47.349111Z","level":"INFO","fields":{"message":"subscribing to orderbook with an explicit pricing convention","pricing_convention":"no_leg","use_yes_price":false,"markets":1},"target":"kalshi_ingest::ws"}
{"timestamp":"2026-09-10T01:21:47.376516Z","level":"INFO","fields":{"message":"subscribing to orderbook with an explicit pricing convention","pricing_convention":"no_leg","use_yes_price":false,"markets":1},"target":"kalshi_ingest::ws"}
{"timestamp":"2026-09-10T01:21:47.402996Z","level":"INFO","fields":{"message":"subscribing to orderbook with an explicit pricing convention","pricing_convention":"no_leg","use_yes_price":false,"markets":1},"target":"kalshi_ingest::ws"}
{"timestamp":"2026-09-10T01:21:47.429071Z","level":"INFO","fields":{"message":"subscribing to orderbook with an explicit pricing convention","pricing_convention":"no_leg","use_yes_price":false,"markets":1},"target":"kalshi_ingest::ws"}
{"timestamp":"2026-09-10T01:21:47.455216Z","level":"INFO","fields":{"message":"subscribing to orderbook with an explicit pricing convention","pricing_convention":"no_leg","use_yes_price":false,"markets":1},"target":"kalshi_ingest::ws"}
{"timestamp":"2026-09-10T01:21:47.482190Z","level":"INFO","fields":{"message":"subscribing to orderbook with an explicit pricing convention","pricing_convention":"no_leg","use_yes_price":false,"markets":1},"target":"kalshi_ingest::ws"}
{"timestamp":"2026-09-10T01:21:47.508646Z","level":"INFO","fields":{"message":"subscribing to orderbook with an explicit pricing convention","pricing_convention":"no_leg","use_yes_price":false,"markets":1},"target":"kalshi_ingest::ws"}
{"timestamp":"2026-09-10T01:21:47.535850Z","level":"INFO","fields":{"message":"subscribing to orderbook with an explicit pricing convention","pricing_convention":"no_leg","use_yes_price":false,"markets":1},"target":"kalshi_ingest::ws"}
{"timestamp":"2026-09-10T01:21:47.563368Z","level":"INFO","fields":{"message":"subscriptions established","subscriptions":0,"markets":64,"shard_size":1},"target":"capture"}
{"timestamp":"2026-09-10T01:22:45.394721Z","level":"INFO","fields":{"message":"metrics","messages_per_sec":133.2,"messages_total":7992,"bytes_total":2481390,"reconnects":0,"lifecycle_events":10,"unparsed":0,"off_grid_prices":0,"desync_invalidations":0,"reconciliation_misses":0,"snapshot_restarts":0,"queue_depth":0,"queue_capacity":65536,"rows_dropped":0,"records_dequeued":5490,"rows_expected":10430,"rows_written":10430,"rows_lost":0,"files_closed":0,"open_files":6},"target":"capture"}
{"timestamp":"2026-09-10T01:23:45.394545Z","level":"INFO","fields":{"message":"metrics","messages_per_sec":59.31666666666667,"messages_total":11551,"bytes_total":3522740,"reconnects":0,"lifecycle_events":20,"unparsed":0,"off_grid_prices":0,"desync_invalidations":0,"reconciliation_misses":0,"snapshot_restarts":0,"queue_depth":0,"queue_capacity":65536,"rows_dropped":0,"records_dequeued":9924,"rows_expected":14864,"rows_written":14864,"rows_lost":0,"files_closed":2,"open_files":6},"target":"capture"}
{"timestamp":"2026-09-10T01:24:45.392972Z","level":"INFO","fields":{"message":"metrics","messages_per_sec":44.03333333333333,"messages_total":14193,"bytes_total":4319210,"reconnects":0,"lifecycle_events":43,"unparsed":0,"off_grid_prices":0,"desync_invalidations":0,"reconciliation_misses":0,"snapshot_restarts":0,"queue_depth":0,"queue_capacity":65536,"rows_dropped":0,"records_dequeued":12910,"rows_expected":17850,"rows_written":17850,"rows_lost":0,"files_closed":3,"open_files":6},"target":"capture"}
{"timestamp":"2026-09-10T01:25:45.393530Z","level":"INFO","fields":{"message":"metrics","messages_per_sec":39.31666666666667,"messages_total":16552,"bytes_total":5034137,"reconnects":0,"lifecycle_events":111,"unparsed":0,"off_grid_prices":0,"desync_invalidations":0,"reconciliation_misses":0,"snapshot_restarts":0,"queue_depth":0,"queue_capacity":65536,"rows_dropped":0,"records_dequeued":15418,"rows_expected":20358,"rows_written":20358,"rows_lost":0,"files_closed":4,"open_files":6},"target":"capture"}
{"timestamp":"2026-09-10T01:26:45.392048Z","level":"INFO","fields":{"message":"metrics","messages_per_sec":104.43333333333334,"messages_total":22818,"bytes_total":6832055,"reconnects":0,"lifecycle_events":298,"unparsed":0,"off_grid_prices":0,"desync_invalidations":0,"reconciliation_misses":0,"snapshot_restarts":0,"queue_depth":0,"queue_capacity":65536,"rows_dropped":0,"records_dequeued":19952,"rows_expected":24892,"rows_written":24892,"rows_lost":0,"files_closed":6,"open_files":6},"target":"capture"}
{"timestamp":"2026-09-10T01:27:45.391606Z","level":"INFO","fields":{"message":"metrics","messages_per_sec":110.48333333333333,"messages_total":29447,"bytes_total":8708962,"reconnects":0,"lifecycle_events":401,"unparsed":0,"off_grid_prices":0,"desync_invalidations":0,"reconciliation_misses":0,"snapshot_restarts":0,"queue_depth":0,"queue_capacity":65536,"rows_dropped":0,"records_dequeued":29447,"rows_expected":34387,"rows_written":34387,"rows_lost":0,"files_closed":13,"open_files":4},"target":"capture"}
{"timestamp":"2026-09-10T01:28:45.391084Z","level":"INFO","fields":{"message":"metrics","messages_per_sec":106.06666666666666,"messages_total":35811,"bytes_total":10512964,"reconnects":0,"lifecycle_events":444,"unparsed":0,"off_grid_prices":0,"desync_invalidations":0,"reconciliation_misses":0,"snapshot_restarts":0,"queue_depth":0,"queue_capacity":65536,"rows_dropped":0,"records_dequeued":31744,"rows_expected":36684,"rows_written":36684,"rows_lost":0,"files_closed":14,"open_files":4},"target":"capture"}
{"timestamp":"2026-09-10T01:29:45.391518Z","level":"INFO","fields":{"message":"metrics","messages_per_sec":82.75,"messages_total":40776,"bytes_total":11936131,"reconnects":0,"lifecycle_events":506,"unparsed":0,"off_grid_prices":0,"desync_invalidations":0,"reconciliation_misses":0,"snapshot_restarts":0,"queue_depth":0,"queue_capacity":65536,"rows_dropped":0,"records_dequeued":37943,"rows_expected":42883,"rows_written":42883,"rows_lost":0,"files_closed":15,"open_files":4},"target":"capture"}
{"timestamp":"2026-09-10T01:30:45.390920Z","level":"INFO","fields":{"message":"metrics","messages_per_sec":66.18333333333334,"messages_total":44747,"bytes_total":13094334,"reconnects":0,"lifecycle_events":638,"unparsed":0,"off_grid_prices":0,"desync_invalidations":0,"reconciliation_misses":0,"snapshot_restarts":0,"queue_depth":0,"queue_capacity":65536,"rows_dropped":0,"records_dequeued":43133,"rows_expected":48073,"rows_written":48073,"rows_lost":0,"files_closed":17,"open_files":4},"target":"capture"}
{"timestamp":"2026-09-10T01:31:45.388930Z","level":"INFO","fields":{"message":"metrics","messages_per_sec":58.35,"messages_total":48248,"bytes_total":14053840,"reconnects":0,"lifecycle_events":1536,"unparsed":0,"off_grid_prices":0,"desync_invalidations":0,"reconciliation_misses":0,"snapshot_restarts":0,"queue_depth":0,"queue_capacity":65536,"rows_dropped":0,"records_dequeued":46582,"rows_expected":51522,"rows_written":51522,"rows_lost":0,"files_closed":19,"open_files":4},"target":"capture"}
{"timestamp":"2026-09-10T01:32:45.389363Z","level":"INFO","fields":{"message":"metrics","messages_per_sec":82.66666666666667,"messages_total":53208,"bytes_total":15503517,"reconnects":0,"lifecycle_events":1619,"unparsed":0,"off_grid_prices":0,"desync_invalidations":0,"reconciliation_misses":0,"snapshot_restarts":0,"queue_depth":0,"queue_capacity":65536,"rows_dropped":0,"records_dequeued":49773,"rows_expected":54713,"rows_written":54713,"rows_lost":0,"files_closed":22,"open_files":4},"target":"capture"}
{"timestamp":"2026-09-10T01:33:45.388170Z","level":"INFO","fields":{"message":"metrics","messages_per_sec":79.03333333333333,"messages_total":57950,"bytes_total":16885777,"reconnects":0,"lifecycle_events":1665,"unparsed":0,"off_grid_prices":0,"desync_invalidations":0,"reconciliation_misses":0,"snapshot_restarts":0,"queue_depth":0,"queue_capacity":65536,"rows_dropped":0,"records_dequeued":55595,"rows_expected":60535,"rows_written":60535,"rows_lost":0,"files_closed":24,"open_files":4},"target":"capture"}
{"timestamp":"2026-09-10T01:34:45.386440Z","level":"INFO","fields":{"message":"metrics","messages_per_sec":92.8,"messages_total":63518,"bytes_total":18481227,"reconnects":0,"lifecycle_events":1703,"unparsed":0,"off_grid_prices":0,"desync_invalidations":0,"reconciliation_misses":0,"snapshot_restarts":0,"queue_depth":0,"queue_capacity":65536,"rows_dropped":0,"records_dequeued":59836,"rows_expected":64776,"rows_written":64776,"rows_lost":0,"files_closed":25,"open_files":4},"target":"capture"}
{"timestamp":"2026-09-10T01:35:45.385826Z","level":"INFO","fields":{"message":"metrics","messages_per_sec":139.6,"messages_total":71894,"bytes_total":20820508,"reconnects":0,"lifecycle_events":1999,"unparsed":0,"off_grid_prices":0,"desync_invalidations":0,"reconciliation_misses":0,"snapshot_restarts":0,"queue_depth":0,"queue_capacity":65536,"rows_dropped":0,"records_dequeued":71894,"rows_expected":76834,"rows_written":76834,"rows_lost":0,"files_closed":28,"open_files":4},"target":"capture"}
{"timestamp":"2026-09-10T01:36:45.384822Z","level":"INFO","fields":{"message":"metrics","messages_per_sec":73.66666666666667,"messages_total":76314,"bytes_total":22069002,"reconnects":0,"lifecycle_events":2544,"unparsed":0,"off_grid_prices":0,"desync_invalidations":0,"reconciliation_misses":0,"snapshot_restarts":0,"queue_depth":0,"queue_capacity":65536,"rows_dropped":0,"records_dequeued":73779,"rows_expected":78719,"rows_written":78719,"rows_lost":0,"files_closed":29,"open_files":4},"target":"capture"}
{"timestamp":"2026-09-10T01:36:46.162756Z","level":"INFO","fields":{"message":"discovery pass complete (not an atomic snapshot)","series":"KXNFLGAME","markets":64,"pages":2,"elapsed_ms":777},"target":"kalshi_ingest::rest"}
{"timestamp":"2026-09-10T01:37:45.384796Z","level":"INFO","fields":{"message":"metrics","messages_per_sec":53.38333333333333,"messages_total":79517,"bytes_total":23019631,"reconnects":0,"lifecycle_events":2757,"unparsed":0,"off_grid_prices":0,"desync_invalidations":0,"reconciliation_misses":0,"snapshot_restarts":0,"queue_depth":0,"queue_capacity":65536,"rows_dropped":0,"records_dequeued":79517,"rows_expected":84457,"rows_written":84457,"rows_lost":0,"files_closed":33,"open_files":4},"target":"capture"}
{"timestamp":"2026-09-10T01:38:45.383234Z","level":"INFO","fields":{"message":"metrics","messages_per_sec":52.68333333333333,"messages_total":82678,"bytes_total":23949721,"reconnects":0,"lifecycle_events":2789,"unparsed":0,"off_grid_prices":0,"desync_invalidations":0,"reconciliation_misses":0,"snapshot_restarts":0,"queue_depth":0,"queue_capacity":65536,"rows_dropped":0,"records_dequeued":81292,"rows_expected":86232,"rows_written":86232,"rows_lost":0,"files_closed":33,"open_files":4},"target":"capture"}
{"timestamp":"2026-09-10T01:39:45.383271Z","level":"INFO","fields":{"message":"metrics","messages_per_sec":49.766666666666666,"messages_total":85664,"bytes_total":24869256,"reconnects":0,"lifecycle_events":2821,"unparsed":0,"off_grid_prices":0,"desync_invalidations":0,"reconciliation_misses":0,"snapshot_restarts":0,"queue_depth":0,"queue_capacity":65536,"rows_dropped":0,"records_dequeued":84101,"rows_expected":89041,"rows_written":89041,"rows_lost":0,"files_closed":34,"open_files":4},"target":"capture"}
{"timestamp":"2026-09-10T01:40:45.382369Z","level":"INFO","fields":{"message":"metrics","messages_per_sec":42.2,"messages_total":88196,"bytes_total":25640311,"reconnects":0,"lifecycle_events":2894,"unparsed":0,"off_grid_prices":0,"desync_invalidations":0,"reconciliation_misses":0,"snapshot_restarts":0,"queue_depth":0,"queue_capacity":65536,"rows_dropped":0,"records_dequeued":86933,"rows_expected":91873,"rows_written":91873,"rows_lost":0,"files_closed":36,"open_files":4},"target":"capture"}
